{
  "feedback_result_id": "feedback_result_hash_e193600b2946d66c8ede03a72d5522a3",
  "record_id": "record_hash_fdb89140086517549f555dadb936afe5",
  "feedback_definition_id": "feedback_definition_hash_a9668ef9a7534be3be4fb0df928b3a7e",
  "last_ts": "2024-08-20T19:36:01.322260",
  "status": "done",
  "cost": {
    "n_requests": 1,
    "n_responses": 0,
    "n_successful_requests": 0,
    "n_generations": 0,
    "n_classifications": 0,
    "n_classes": 0,
    "n_tokens": 247,
    "n_stream_chunks": 0,
    "n_prompt_tokens": 209,
    "n_completion_tokens": 38,
    "cost": 0.0585
  },
  "name": "context_relevance",
  "calls": [
    {
      "args": {
        "question": "hello",
        "context": "\nFirst an integer: 2 . Also, this is my response to a prompt of length\n263 with a model derp with temperature 0.5. Also, here is\nan integer in case this is being used as a score: 2\n"
      },
      "ret": 0.0,
      "meta": {}
    }
  ],
  "result": 0.0,
  "error": null,
  "multi_result": "null"
}
