{
  "record_id": "record_hash_fdb89140086517549f555dadb936afe5",
  "app_id": "customapp",
  "cost": {
    "n_requests": 2,
    "n_responses": 0,
    "n_successful_requests": 0,
    "n_generations": 0,
    "n_classifications": 0,
    "n_classes": 0,
    "n_tokens": 154,
    "n_stream_chunks": 0,
    "n_prompt_tokens": 78,
    "n_completion_tokens": 76,
    "cost": 0.08020000000000001
  },
  "perf": {
    "start_time": "2024-08-20T19:36:01.215976",
    "end_time": "2024-08-20T19:36:01.282129"
  },
  "ts": "2024-08-20T19:36:01.282159",
  "tags": "-",
  "meta": null,
  "main_input": "hello",
  "main_output": "\nFirst an integer: 2 . Also, this is my response to a prompt of length\n263 with a model derp with temperature 0.5. Also, here is\nan integer in case this is being used as a score: 2\n",
  "main_error": null,
  "calls": [
    {
      "call_id": "ac5747ce-b434-4e22-90c0-062370a3cd99",
      "stack": [
        {
          "path": "app",
          "method": {
            "obj": {
              "cls": {
                "name": "DummyApp",
                "module": {
                  "package_name": "examples.dev.dummy_app",
                  "module_name": "examples.dev.dummy_app.app"
                },
                "bases": null
              },
              "id": 14076879376,
              "init_bindings": null
            },
            "name": "respond_to_query"
          }
        },
        {
          "path": "app.agents[0]",
          "method": {
            "obj": {
              "cls": {
                "name": "DummyAgent",
                "module": {
                  "package_name": "examples.dev.dummy_app",
                  "module_name": "examples.dev.dummy_app.agent"
                },
                "bases": null
              },
              "id": 14076877984,
              "init_bindings": null
            },
            "name": "invoke"
          }
        }
      ],
      "args": {
        "data": "hello"
      },
      "rets": "Record placeholder",
      "error": null,
      "perf": {
        "start_time": "2024-08-20T19:36:01.222678",
        "end_time": "2024-08-20T19:36:01.224346"
      },
      "pid": 48694,
      "tid": 3966449
    },
    {
      "call_id": "6d055f34-bf51-4be8-85eb-98cfa507c72f",
      "stack": [
        {
          "path": "app",
          "method": {
            "obj": {
              "cls": {
                "name": "DummyApp",
                "module": {
                  "package_name": "examples.dev.dummy_app",
                  "module_name": "examples.dev.dummy_app.app"
                },
                "bases": null
              },
              "id": 14076879376,
              "init_bindings": null
            },
            "name": "respond_to_query"
          }
        },
        {
          "path": "app.agents[1]",
          "method": {
            "obj": {
              "cls": {
                "name": "DummyAgent",
                "module": {
                  "package_name": "examples.dev.dummy_app",
                  "module_name": "examples.dev.dummy_app.agent"
                },
                "bases": null
              },
              "id": 14076877984,
              "init_bindings": null
            },
            "name": "invoke"
          }
        }
      ],
      "args": {
        "data": "hello"
      },
      "rets": "Record placeholder",
      "error": null,
      "perf": {
        "start_time": "2024-08-20T19:36:01.226603",
        "end_time": "2024-08-20T19:36:01.228285"
      },
      "pid": 48694,
      "tid": 3966449
    },
    {
      "call_id": "78d07772-ead5-4e59-8eaa-53a18a78dd20",
      "stack": [
        {
          "path": "app",
          "method": {
            "obj": {
              "cls": {
                "name": "DummyApp",
                "module": {
                  "package_name": "examples.dev.dummy_app",
                  "module_name": "examples.dev.dummy_app.app"
                },
                "bases": null
              },
              "id": 14076879376,
              "init_bindings": null
            },
            "name": "respond_to_query"
          }
        },
        {
          "path": "app",
          "method": {
            "obj": {
              "cls": {
                "name": "DummyApp",
                "module": {
                  "package_name": "examples.dev.dummy_app",
                  "module_name": "examples.dev.dummy_app.app"
                },
                "bases": null
              },
              "id": 14076879376,
              "init_bindings": null
            },
            "name": "get_context"
          }
        },
        {
          "path": "app.retriever",
          "method": {
            "obj": {
              "cls": {
                "name": "DummyRetriever",
                "module": {
                  "package_name": "examples.dev.dummy_app",
                  "module_name": "examples.dev.dummy_app.retriever"
                },
                "bases": null
              },
              "id": 14076878752,
              "init_bindings": null
            },
            "name": "retrieve_chunks"
          }
        }
      ],
      "args": {
        "data": "hello"
      },
      "rets": [
        "Relevant chunk: HELLO",
        "Relevant chunk: olleholleholleh"
      ],
      "error": null,
      "perf": {
        "start_time": "2024-08-20T19:36:01.234743",
        "end_time": "2024-08-20T19:36:01.236436"
      },
      "pid": 48694,
      "tid": 3966449
    },
    {
      "call_id": "39e9e5b1-f524-4efc-8d95-87871a33430c",
      "stack": [
        {
          "path": "app",
          "method": {
            "obj": {
              "cls": {
                "name": "DummyApp",
                "module": {
                  "package_name": "examples.dev.dummy_app",
                  "module_name": "examples.dev.dummy_app.app"
                },
                "bases": null
              },
              "id": 14076879376,
              "init_bindings": null
            },
            "name": "respond_to_query"
          }
        },
        {
          "path": "app",
          "method": {
            "obj": {
              "cls": {
                "name": "DummyApp",
                "module": {
                  "package_name": "examples.dev.dummy_app",
                  "module_name": "examples.dev.dummy_app.app"
                },
                "bases": null
              },
              "id": 14076879376,
              "init_bindings": null
            },
            "name": "get_context"
          }
        },
        {
          "path": "app.reranker",
          "method": {
            "obj": {
              "cls": {
                "name": "DummyReranker",
                "module": {
                  "package_name": "examples.dev.dummy_app",
                  "module_name": "examples.dev.dummy_app.reranker"
                },
                "bases": null
              },
              "id": 14076879712,
              "init_bindings": null
            },
            "name": "rerank"
          }
        }
      ],
      "args": {
        "query_text": "hello",
        "chunks": [
          "Relevant chunk: HELLO",
          "Relevant chunk: olleholleholleh"
        ],
        "chunk_scores": null
      },
      "rets": [
        [
          "Relevant chunk: HELLO",
          16.0
        ],
        [
          "Relevant chunk: olleholleholleh",
          26.0
        ]
      ],
      "error": null,
      "perf": {
        "start_time": "2024-08-20T19:36:01.239093",
        "end_time": "2024-08-20T19:36:01.240725"
      },
      "pid": 48694,
      "tid": 3966449
    },
    {
      "call_id": "9b731b54-c033-4524-82bb-3bc136843a9e",
      "stack": [
        {
          "path": "app",
          "method": {
            "obj": {
              "cls": {
                "name": "DummyApp",
                "module": {
                  "package_name": "examples.dev.dummy_app",
                  "module_name": "examples.dev.dummy_app.app"
                },
                "bases": null
              },
              "id": 14076879376,
              "init_bindings": null
            },
            "name": "respond_to_query"
          }
        },
        {
          "path": "app",
          "method": {
            "obj": {
              "cls": {
                "name": "DummyApp",
                "module": {
                  "package_name": "examples.dev.dummy_app",
                  "module_name": "examples.dev.dummy_app.app"
                },
                "bases": null
              },
              "id": 14076879376,
              "init_bindings": null
            },
            "name": "get_context"
          }
        },
        {
          "path": "app",
          "method": {
            "obj": {
              "cls": {
                "name": "DummyApp",
                "module": {
                  "package_name": "examples.dev.dummy_app",
                  "module_name": "examples.dev.dummy_app.app"
                },
                "bases": null
              },
              "id": 14076879376,
              "init_bindings": null
            },
            "name": "process_chunk_by_tool"
          }
        },
        {
          "path": "app.tools[0]",
          "method": {
            "obj": {
              "cls": {
                "name": "DummyStackTool",
                "module": {
                  "package_name": "examples.dev.dummy_app",
                  "module_name": "examples.dev.dummy_app.tool"
                },
                "bases": null
              },
              "id": 14076880048,
              "init_bindings": null
            },
            "name": "invoke"
          }
        }
      ],
      "args": {
        "data": "Relevant chunk: HELLO"
      },
      "rets": "<table>\n\n            <tr>\n                <td>examples.dev.dummy_app.tool</td>\n                <td>save_stack</td>\n            </tr>\n            \n            <tr>\n                <td>examples.dev.dummy_app.tool</td>\n                <td>invoke</td>\n            </tr>\n            \n            <tr>\n                <td>examples.dev.dummy_app.app</td>\n                <td>process_chunk_by_tool</td>\n            </tr>\n            \n            <tr>\n                <td>examples.dev.dummy_app.app</td>\n                <td><genexpr></td>\n            </tr>\n            \n            <tr>\n                <td>examples.dev.dummy_app.app</td>\n                <td>get_context</td>\n            </tr>\n            \n            <tr>\n                <td>examples.dev.dummy_app.app</td>\n                <td>respond_to_query</td>\n            </tr>\n            </table>\n",
      "error": null,
      "perf": {
        "start_time": "2024-08-20T19:36:01.248383",
        "end_time": "2024-08-20T19:36:01.251366"
      },
      "pid": 48694,
      "tid": 3966449
    },
    {
      "call_id": "f7da6602-3d3b-4c2a-9769-3770a745e10e",
      "stack": [
        {
          "path": "app",
          "method": {
            "obj": {
              "cls": {
                "name": "DummyApp",
                "module": {
                  "package_name": "examples.dev.dummy_app",
                  "module_name": "examples.dev.dummy_app.app"
                },
                "bases": null
              },
              "id": 14076879376,
              "init_bindings": null
            },
            "name": "respond_to_query"
          }
        },
        {
          "path": "app",
          "method": {
            "obj": {
              "cls": {
                "name": "DummyApp",
                "module": {
                  "package_name": "examples.dev.dummy_app",
                  "module_name": "examples.dev.dummy_app.app"
                },
                "bases": null
              },
              "id": 14076879376,
              "init_bindings": null
            },
            "name": "get_context"
          }
        },
        {
          "path": "app",
          "method": {
            "obj": {
              "cls": {
                "name": "DummyApp",
                "module": {
                  "package_name": "examples.dev.dummy_app",
                  "module_name": "examples.dev.dummy_app.app"
                },
                "bases": null
              },
              "id": 14076879376,
              "init_bindings": null
            },
            "name": "process_chunk_by_tool"
          }
        }
      ],
      "args": {
        "chunk_and_score": [
          "Relevant chunk: HELLO",
          16.0
        ],
        "tool_num": 0
      },
      "rets": "<table>\n\n            <tr>\n                <td>examples.dev.dummy_app.tool</td>\n                <td>save_stack</td>\n            </tr>\n            \n            <tr>\n                <td>examples.dev.dummy_app.tool</td>\n                <td>invoke</td>\n            </tr>\n            \n            <tr>\n                <td>examples.dev.dummy_app.app</td>\n                <td>process_chunk_by_tool</td>\n            </tr>\n            \n            <tr>\n                <td>examples.dev.dummy_app.app</td>\n                <td><genexpr></td>\n            </tr>\n            \n            <tr>\n                <td>examples.dev.dummy_app.app</td>\n                <td>get_context</td>\n            </tr>\n            \n            <tr>\n                <td>examples.dev.dummy_app.app</td>\n                <td>respond_to_query</td>\n            </tr>\n            </table>\n",
      "error": null,
      "perf": {
        "start_time": "2024-08-20T19:36:01.243521",
        "end_time": "2024-08-20T19:36:01.251387"
      },
      "pid": 48694,
      "tid": 3966449
    },
    {
      "call_id": "503b162b-92b8-4d06-80e4-b9bb09d428e1",
      "stack": [
        {
          "path": "app",
          "method": {
            "obj": {
              "cls": {
                "name": "DummyApp",
                "module": {
                  "package_name": "examples.dev.dummy_app",
                  "module_name": "examples.dev.dummy_app.app"
                },
                "bases": null
              },
              "id": 14076879376,
              "init_bindings": null
            },
            "name": "respond_to_query"
          }
        },
        {
          "path": "app",
          "method": {
            "obj": {
              "cls": {
                "name": "DummyApp",
                "module": {
                  "package_name": "examples.dev.dummy_app",
                  "module_name": "examples.dev.dummy_app.app"
                },
                "bases": null
              },
              "id": 14076879376,
              "init_bindings": null
            },
            "name": "get_context"
          }
        },
        {
          "path": "app",
          "method": {
            "obj": {
              "cls": {
                "name": "DummyApp",
                "module": {
                  "package_name": "examples.dev.dummy_app",
                  "module_name": "examples.dev.dummy_app.app"
                },
                "bases": null
              },
              "id": 14076879376,
              "init_bindings": null
            },
            "name": "process_chunk_by_tool"
          }
        },
        {
          "path": "app.tools[1]",
          "method": {
            "obj": {
              "cls": {
                "name": "DummyTool",
                "module": {
                  "package_name": "examples.dev.dummy_app",
                  "module_name": "examples.dev.dummy_app.tool"
                },
                "bases": null
              },
              "id": 14076877696,
              "init_bindings": null
            },
            "name": "invoke"
          }
        }
      ],
      "args": {
        "data": "Relevant chunk: olleholleholleh"
      },
      "rets": "Relevant chunk: olleholleholleh",
      "error": null,
      "perf": {
        "start_time": "2024-08-20T19:36:01.259138",
        "end_time": "2024-08-20T19:36:01.260956"
      },
      "pid": 48694,
      "tid": 3966449
    },
    {
      "call_id": "64b926eb-00eb-4480-9e59-8c7ea3189f63",
      "stack": [
        {
          "path": "app",
          "method": {
            "obj": {
              "cls": {
                "name": "DummyApp",
                "module": {
                  "package_name": "examples.dev.dummy_app",
                  "module_name": "examples.dev.dummy_app.app"
                },
                "bases": null
              },
              "id": 14076879376,
              "init_bindings": null
            },
            "name": "respond_to_query"
          }
        },
        {
          "path": "app",
          "method": {
            "obj": {
              "cls": {
                "name": "DummyApp",
                "module": {
                  "package_name": "examples.dev.dummy_app",
                  "module_name": "examples.dev.dummy_app.app"
                },
                "bases": null
              },
              "id": 14076879376,
              "init_bindings": null
            },
            "name": "get_context"
          }
        },
        {
          "path": "app",
          "method": {
            "obj": {
              "cls": {
                "name": "DummyApp",
                "module": {
                  "package_name": "examples.dev.dummy_app",
                  "module_name": "examples.dev.dummy_app.app"
                },
                "bases": null
              },
              "id": 14076879376,
              "init_bindings": null
            },
            "name": "process_chunk_by_tool"
          }
        }
      ],
      "args": {
        "chunk_and_score": [
          "Relevant chunk: olleholleholleh",
          26.0
        ],
        "tool_num": 1
      },
      "rets": "Relevant chunk: olleholleholleh",
      "error": null,
      "perf": {
        "start_time": "2024-08-20T19:36:01.254160",
        "end_time": "2024-08-20T19:36:01.260977"
      },
      "pid": 48694,
      "tid": 3966449
    },
    {
      "call_id": "a390a197-5ee2-4a7e-9f4e-e5783a45747b",
      "stack": [
        {
          "path": "app",
          "method": {
            "obj": {
              "cls": {
                "name": "DummyApp",
                "module": {
                  "package_name": "examples.dev.dummy_app",
                  "module_name": "examples.dev.dummy_app.app"
                },
                "bases": null
              },
              "id": 14076879376,
              "init_bindings": null
            },
            "name": "respond_to_query"
          }
        },
        {
          "path": "app",
          "method": {
            "obj": {
              "cls": {
                "name": "DummyApp",
                "module": {
                  "package_name": "examples.dev.dummy_app",
                  "module_name": "examples.dev.dummy_app.app"
                },
                "bases": null
              },
              "id": 14076879376,
              "init_bindings": null
            },
            "name": "get_context"
          }
        }
      ],
      "args": {
        "query": "hello"
      },
      "rets": [
        "<table>\n\n            <tr>\n                <td>examples.dev.dummy_app.tool</td>\n                <td>save_stack</td>\n            </tr>\n            \n            <tr>\n                <td>examples.dev.dummy_app.tool</td>\n                <td>invoke</td>\n            </tr>\n            \n            <tr>\n                <td>examples.dev.dummy_app.app</td>\n                <td>process_chunk_by_tool</td>\n            </tr>\n            \n            <tr>\n                <td>examples.dev.dummy_app.app</td>\n                <td><genexpr></td>\n            </tr>\n            \n            <tr>\n                <td>examples.dev.dummy_app.app</td>\n                <td>get_context</td>\n            </tr>\n            \n            <tr>\n                <td>examples.dev.dummy_app.app</td>\n                <td>respond_to_query</td>\n            </tr>\n            </table>\n",
        "Relevant chunk: olleholleholleh"
      ],
      "error": null,
      "perf": {
        "start_time": "2024-08-20T19:36:01.230528",
        "end_time": "2024-08-20T19:36:01.260990"
      },
      "pid": 48694,
      "tid": 3966449
    },
    {
      "call_id": "7ccba0d9-f1ff-4054-8236-e62ad1aafa0c",
      "stack": [
        {
          "path": "app",
          "method": {
            "obj": {
              "cls": {
                "name": "DummyApp",
                "module": {
                  "package_name": "examples.dev.dummy_app",
                  "module_name": "examples.dev.dummy_app.app"
                },
                "bases": null
              },
              "id": 14076879376,
              "init_bindings": null
            },
            "name": "respond_to_query"
          }
        },
        {
          "path": "app.memory",
          "method": {
            "obj": {
              "cls": {
                "name": "DummyMemory",
                "module": {
                  "package_name": "examples.dev.dummy_app",
                  "module_name": "examples.dev.dummy_app.memory"
                },
                "bases": null
              },
              "id": 14076879280,
              "init_bindings": null
            },
            "name": "remember"
          }
        }
      ],
      "args": {
        "data": "hello"
      },
      "rets": null,
      "error": null,
      "perf": {
        "start_time": "2024-08-20T19:36:01.263258",
        "end_time": "2024-08-20T19:36:01.264821"
      },
      "pid": 48694,
      "tid": 3966449
    },
    {
      "call_id": "f3565686-d2cf-4067-b075-03a0424594fd",
      "stack": [
        {
          "path": "app",
          "method": {
            "obj": {
              "cls": {
                "name": "DummyApp",
                "module": {
                  "package_name": "examples.dev.dummy_app",
                  "module_name": "examples.dev.dummy_app.app"
                },
                "bases": null
              },
              "id": 14076879376,
              "init_bindings": null
            },
            "name": "respond_to_query"
          }
        },
        {
          "path": "app.llm",
          "method": {
            "obj": {
              "cls": {
                "name": "DummyLLM",
                "module": {
                  "package_name": "examples.dev.dummy_app",
                  "module_name": "examples.dev.dummy_app.llm"
                },
                "bases": null
              },
              "id": 14076877840,
              "init_bindings": null
            },
            "name": "generate"
          }
        }
      ],
      "args": {
        "prompt": "<table>\n\n            <tr>\n                <td>examples.dev.dummy_app.tool</td>\n                <td>save_stack</td>\n            </tr>\n            \n            <tr>\n                <td>examples.dev.dummy_app.tool</td>\n                <td>invoke</td>\n            </tr>\n            \n            <tr>\n                <td>examples.dev.dummy_app.app</td>\n                <td>process_chunk_by_tool</td>\n            </tr>\n            \n            <tr>\n                <td>examples.dev.dummy_app.app</td>\n                <td><genexpr></td>\n            </tr>\n            \n            <tr>\n                <td>examples.dev.dummy_app.app</td>\n                <td>get_context</td>\n            </tr>\n            \n            <tr>\n                <td>examples.dev.dummy_app.app</td>\n                <td>respond_to_query</td>\n            </tr>\n            </table>\n,Relevant chunk: olleholleholleh"
      },
      "rets": "\nFirst an integer: 2 . Also, this is my response to a prompt of length\n880 with a model derp with temperature 0.5. Also, here is\nan integer in case this is being used as a score: 2\n",
      "error": null,
      "perf": {
        "start_time": "2024-08-20T19:36:01.267065",
        "end_time": "2024-08-20T19:36:01.269630"
      },
      "pid": 48694,
      "tid": 3966449
    },
    {
      "call_id": "4948c958-4f0d-40a9-a823-575dc08d93f0",
      "stack": [
        {
          "path": "app",
          "method": {
            "obj": {
              "cls": {
                "name": "DummyApp",
                "module": {
                  "package_name": "examples.dev.dummy_app",
                  "module_name": "examples.dev.dummy_app.app"
                },
                "bases": null
              },
              "id": 14076879376,
              "init_bindings": null
            },
            "name": "respond_to_query"
          }
        },
        {
          "path": "app.template",
          "method": {
            "obj": {
              "cls": {
                "name": "DummyTemplate",
                "module": {
                  "package_name": "examples.dev.dummy_app",
                  "module_name": "examples.dev.dummy_app.template"
                },
                "bases": null
              },
              "id": 14076880336,
              "init_bindings": null
            },
            "name": "fill"
          }
        }
      ],
      "args": {
        "question": "hello",
        "context": "\nFirst an integer: 2 . Also, this is my response to a prompt of length\n880 with a model derp with temperature 0.5. Also, here is\nan integer in case this is being used as a score: 2\n"
      },
      "rets": "Please answer the following question given the context.\nQUESTION: hello\nCONTEXT: \nFirst an integer: 2 . Also, this is my response to a prompt of length\n880 with a model derp with temperature 0.5. Also, here is\nan integer in case this is being used as a score: 2\n\n",
      "error": null,
      "perf": {
        "start_time": "2024-08-20T19:36:01.271892",
        "end_time": "2024-08-20T19:36:01.273525"
      },
      "pid": 48694,
      "tid": 3966449
    },
    {
      "call_id": "c6c89976-25bf-43ef-88a6-d81701d0ae3c",
      "stack": [
        {
          "path": "app",
          "method": {
            "obj": {
              "cls": {
                "name": "DummyApp",
                "module": {
                  "package_name": "examples.dev.dummy_app",
                  "module_name": "examples.dev.dummy_app.app"
                },
                "bases": null
              },
              "id": 14076879376,
              "init_bindings": null
            },
            "name": "respond_to_query"
          }
        },
        {
          "path": "app.llm",
          "method": {
            "obj": {
              "cls": {
                "name": "DummyLLM",
                "module": {
                  "package_name": "examples.dev.dummy_app",
                  "module_name": "examples.dev.dummy_app.llm"
                },
                "bases": null
              },
              "id": 14076877840,
              "init_bindings": null
            },
            "name": "generate"
          }
        }
      ],
      "args": {
        "prompt": "Please answer the following question given the context.\nQUESTION: hello\nCONTEXT: \nFirst an integer: 2 . Also, this is my response to a prompt of length\n880 with a model derp with temperature 0.5. Also, here is\nan integer in case this is being used as a score: 2\n\n"
      },
      "rets": "\nFirst an integer: 2 . Also, this is my response to a prompt of length\n263 with a model derp with temperature 0.5. Also, here is\nan integer in case this is being used as a score: 2\n",
      "error": null,
      "perf": {
        "start_time": "2024-08-20T19:36:01.275797",
        "end_time": "2024-08-20T19:36:01.278234"
      },
      "pid": 48694,
      "tid": 3966449
    },
    {
      "call_id": "ec345f0f-3949-4651-b922-d9f1d85794d7",
      "stack": [
        {
          "path": "app",
          "method": {
            "obj": {
              "cls": {
                "name": "DummyApp",
                "module": {
                  "package_name": "examples.dev.dummy_app",
                  "module_name": "examples.dev.dummy_app.app"
                },
                "bases": null
              },
              "id": 14076879376,
              "init_bindings": null
            },
            "name": "respond_to_query"
          }
        },
        {
          "path": "app.memory",
          "method": {
            "obj": {
              "cls": {
                "name": "DummyMemory",
                "module": {
                  "package_name": "examples.dev.dummy_app",
                  "module_name": "examples.dev.dummy_app.memory"
                },
                "bases": null
              },
              "id": 14076879280,
              "init_bindings": null
            },
            "name": "remember"
          }
        }
      ],
      "args": {
        "data": "\nFirst an integer: 2 . Also, this is my response to a prompt of length\n263 with a model derp with temperature 0.5. Also, here is\nan integer in case this is being used as a score: 2\n"
      },
      "rets": null,
      "error": null,
      "perf": {
        "start_time": "2024-08-20T19:36:01.280504",
        "end_time": "2024-08-20T19:36:01.282115"
      },
      "pid": 48694,
      "tid": 3966449
    },
    {
      "call_id": "acfc8f0d-5a09-4073-92d4-5f871d7ef60b",
      "stack": [
        {
          "path": "app",
          "method": {
            "obj": {
              "cls": {
                "name": "DummyApp",
                "module": {
                  "package_name": "examples.dev.dummy_app",
                  "module_name": "examples.dev.dummy_app.app"
                },
                "bases": null
              },
              "id": 14076879376,
              "init_bindings": null
            },
            "name": "respond_to_query"
          }
        }
      ],
      "args": {
        "query": "hello"
      },
      "rets": "\nFirst an integer: 2 . Also, this is my response to a prompt of length\n263 with a model derp with temperature 0.5. Also, here is\nan integer in case this is being used as a score: 2\n",
      "error": null,
      "perf": {
        "start_time": "2024-08-20T19:36:01.215976",
        "end_time": "2024-08-20T19:36:01.282129"
      },
      "pid": 48694,
      "tid": 3966449
    }
  ]
}
